../Core/Src/main.c:83:6:HAL_GPIO_EXTI_Callback	128	static
../Core/Src/main.c:151:6:pwm_output	24	static
../Core/Src/main.c:177:6:powerPID	4	static
../Core/Src/main.c:186:5:main	8	static
../Core/Src/main.c:283:6:SystemClock_Config	88	static
../Core/Src/main.c:327:13:MX_I2C1_Init	8	static
../Core/Src/main.c:359:13:MX_RTC_Init	16	static
../Core/Src/main.c:413:13:MX_SPI2_Init	8	static
../Core/Src/main.c:449:13:MX_TIM2_Init	32	static
../Core/Src/main.c:491:13:MX_USART1_UART_Init	8	static
../Core/Src/main.c:522:13:MX_GPIO_Init	40	static
../Core/Src/main.c:589:6:Error_Handler	4	static,ignoring_inline_asm
